Ignoring wrong pointing object 11 0 (offset 0)
============================================================
LAB 18: PRODUCTION RAG PIPELINE
============================================================

📌 STEP 1: Running Basic RAG Baseline...
----------------------------------------
============================================================
BASIC RAG BASELINE
(paragraph chunking + dense-only, no rerank, no enrichment)
============================================================
[WARNING] Skipping BCTC.pdf: scanned PDF has no text layer (OCR required).
[WARNING] Skipping Nghi_dinh_so_13-2023_ve_bao_ve_du_lieu_ca_nhan_508ee.pdf: scanned PDF has no text layer (OCR required).
  57 basic paragraph chunks
  [1/20] Nhân viên được nghỉ bao nhiêu ngày khi kết hôn?...
  [2/20] Bảo hiểm sức khỏe PVI có hạn mức bao nhiêu cho nhâ...
  [3/20] Phụ cấp ăn trưa hàng tháng là bao nhiêu?...
  [4/20] Nhân viên được nghỉ bao nhiêu ngày phép năm?...
  [5/20] Thâm niên bao nhiêu năm thì được cộng thêm ngày ph...
  [6/20] Mật khẩu phải có tối thiểu bao nhiêu ký tự?...
  [7/20] Bao lâu phải đổi mật khẩu một lần?...
  [8/20] Có cần kích hoạt xác thực đa yếu tố (MFA) không?...
  [9/20] Nhân viên thử việc có được nghỉ phép năm không?...
  [10/20] Khi phát hiện malware trên máy, nhân viên có nên t...
  [11/20] Nhân viên thử việc có được hưởng bảo hiểm sức khỏe...
  [12/20] Một nhân viên Senior có 9 năm thâm niên được nghỉ ...
  [13/20] Nếu cần mua một chiếc laptop 30 triệu cho nhân viê...
  [14/20] Nhân viên được tài trợ khóa học 25 triệu, nghỉ việ...
  [15/20] Mentor và buddy của nhân viên mới có thể là cùng m...
  [16/20] Muốn mua thiết bị trị giá 55 triệu cần ai phê duyệ...
  [17/20] Nhân viên tạm ứng 15 triệu, sau 20 ngày mới thanh ...
  [18/20] Lương thử việc của nhân viên Junior mức cao nhất l...
  [19/20] Thông tin lương thuộc cấp độ phân loại dữ liệu nào...
  [20/20] Nghỉ phép không lương 20 ngày cần ai phê duyệt?...

BASIC BASELINE SCORES
  faithfulness: 0.8250
  answer_relevancy: 0.7153
  context_precision: 0.9250
  context_recall: 0.9250
Report saved to C:\VinAI20K_Lab\Phase 2_ Lab\DAY18_2A202601497_TaMinhDuc\reports\naive_baseline_report.json

Done! Now implement advanced modules and run: python main.py

📌 STEP 2: Running Production Pipeline...
----------------------------------------
============================================================
PRODUCTION RAG PIPELINE
============================================================

[1/4] Chunking documents...
Ignoring wrong pointing object 11 0 (offset 0)
[WARNING] Skipping BCTC.pdf: scanned PDF has no text layer (OCR required).
[WARNING] Skipping Nghi_dinh_so_13-2023_ve_bao_ve_du_lieu_ca_nhan_508ee.pdf: scanned PDF has no text layer (OCR required).
  ✓ 104 chunks from 26 documents (0.2s)

[2/4] Enriching 104 chunks (M5, 1 API call/chunk)...
  Enriched 10/104 chunks...
  Enriched 20/104 chunks...
  Enriched 30/104 chunks...
  Enriched 40/104 chunks...
  Enriched 50/104 chunks...
  Enriched 60/104 chunks...
  Enriched 70/104 chunks...
  Enriched 80/104 chunks...
  Enriched 90/104 chunks...
  Enriched 100/104 chunks...
  Enriched 104/104 chunks...
  ✓ Enriched 104 chunks (326.2s)

[3/4] Indexing 104 chunks (BM25 + Dense)...
  ✓ Indexed (79.9s)

[4/4] Loading reranker...
  ✓ Reranker ready (0.0s)

[Eval] Running 20 queries...
  [1/20] Nhân viên được nghỉ bao nhiêu ngày khi kết hôn?...
  [2/20] Bảo hiểm sức khỏe PVI có hạn mức bao nhiêu cho nhâ...
  [3/20] Phụ cấp ăn trưa hàng tháng là bao nhiêu?...
  [4/20] Nhân viên được nghỉ bao nhiêu ngày phép năm?...
  [5/20] Thâm niên bao nhiêu năm thì được cộng thêm ngày ph...
  [6/20] Mật khẩu phải có tối thiểu bao nhiêu ký tự?...
  [7/20] Bao lâu phải đổi mật khẩu một lần?...
  [8/20] Có cần kích hoạt xác thực đa yếu tố (MFA) không?...
  [9/20] Nhân viên thử việc có được nghỉ phép năm không?...
  [10/20] Khi phát hiện malware trên máy, nhân viên có nên t...
  [11/20] Nhân viên thử việc có được hưởng bảo hiểm sức khỏe...
  [12/20] Một nhân viên Senior có 9 năm thâm niên được nghỉ ...
  [13/20] Nếu cần mua một chiếc laptop 30 triệu cho nhân viê...
  [14/20] Nhân viên được tài trợ khóa học 25 triệu, nghỉ việ...
  [15/20] Mentor và buddy của nhân viên mới có thể là cùng m...
  [16/20] Muốn mua thiết bị trị giá 55 triệu cần ai phê duyệ...
  [17/20] Nhân viên tạm ứng 15 triệu, sau 20 ngày mới thanh ...
  [18/20] Lương thử việc của nhân viên Junior mức cao nhất l...
  [19/20] Thông tin lương thuộc cấp độ phân loại dữ liệu nào...
  [20/20] Nghỉ phép không lương 20 ngày cần ai phê duyệt?...

[Eval] Running RAGAS (4 metrics × 20 questions)...
  ✓ RAGAS done (42.3s)

============================================================
PRODUCTION RAG SCORES
============================================================
  ✓ faithfulness: 0.7500
  ✗ answer_relevancy: 0.6913
  ✓ context_precision: 0.9167
  ✓ context_recall: 0.8667
Report saved to C:\VinAI20K_Lab\Phase 2_ Lab\DAY18_2A202601497_TaMinhDuc\reports\ragas_report.json

📌 STEP 3: Comparison
----------------------------------------

Metric                       Basic   Production        Δ
-------------------------------------------------------
✓ faithfulness              0.8250       0.7500  -0.0750
  answer_relevancy          0.7153       0.6913  -0.0240
✓ context_precision         0.9250       0.9167  -0.0083
✓ context_recall            0.9250       0.8667  -0.0583

⏱️  Total time: 963.3s

📋 Next steps:
  1. Điền analysis/failure_analysis.md
  2. Điền analysis/group_report.md
  3. Viết analysis/reflections/reflection_[Tên].md
  4. Chạy: python check_lab.py
